
Memory Configuration

Name             Origin             Length             Attributes
Mem              0x00000000         0x04000000         xrw
*default*        0x00000000         0xffffffff

Linker script and memory map

                0x00010000                . = 0x10000

.Startup        0x00010000       0x10
 startUp.o(.text)
 .text          0x00010000       0x10 startUp.o
                0x00010000                reset

.text           0x00010010       0x70
 *(.text)
 .text          0x00010010       0x1c app.o
                0x00010010                main
 .text          0x0001002c       0x54 Uart.o
                0x0001002c                Uart_u32GetString
 *(.rodata)

.glue_7         0x00010080        0x0
 .glue_7        0x00010080        0x0 linker stubs

.glue_7t        0x00010080        0x0
 .glue_7t       0x00010080        0x0 linker stubs

.vfp11_veneer   0x00010080        0x0
 .vfp11_veneer  0x00010080        0x0 linker stubs

.v4_bx          0x00010080        0x0
 .v4_bx         0x00010080        0x0 linker stubs

.iplt           0x00010080        0x0
 .iplt          0x00010080        0x0 startUp.o

.rel.dyn        0x00010080        0x0
 .rel.iplt      0x00010080        0x0 startUp.o

.data           0x00010080       0x64
 *(.data)
 .data          0x00010080        0x0 startUp.o
 .data          0x00010080       0x64 app.o
                0x00010080                string_uart
 .data          0x000100e4        0x0 Uart.o

.igot.plt       0x000100e4        0x0
 .igot.plt      0x000100e4        0x0 startUp.o

.bss            0x000100e4        0x0
 *(.bss)
 .bss           0x000100e4        0x0 startUp.o
 .bss           0x000100e4        0x0 app.o
 .bss           0x000100e4        0x0 Uart.o
 *(COMMON)
                0x000110e4                . = (. + 0x1000)
                0x000110e4                StackTop = .
LOAD startUp.o
LOAD app.o
LOAD Uart.o
OUTPUT(learn-in-depth.elf elf32-littlearm)

.ARM.attributes
                0x00000000       0x2e
 .ARM.attributes
                0x00000000       0x22 startUp.o
 .ARM.attributes
                0x00000022       0x32 app.o
 .ARM.attributes
                0x00000054       0x32 Uart.o

.comment        0x00000000       0x7e
 .comment       0x00000000       0x7e app.o
                                 0x7f (size before relaxing)
 .comment       0x0000007e       0x7f Uart.o

.debug_line     0x00000000       0xb2
 .debug_line    0x00000000       0x3a startUp.o
 .debug_line    0x0000003a       0x35 app.o
 .debug_line    0x0000006f       0x43 Uart.o

.debug_info     0x00000000       0xff
 .debug_info    0x00000000       0x26 startUp.o
 .debug_info    0x00000026       0x66 app.o
 .debug_info    0x0000008c       0x73 Uart.o

.debug_abbrev   0x00000000       0xca
 .debug_abbrev  0x00000000       0x14 startUp.o
 .debug_abbrev  0x00000014       0x58 app.o
 .debug_abbrev  0x0000006c       0x5e Uart.o

.debug_aranges  0x00000000       0x60
 .debug_aranges
                0x00000000       0x20 startUp.o
 .debug_aranges
                0x00000020       0x20 app.o
 .debug_aranges
                0x00000040       0x20 Uart.o

.debug_str      0x00000000       0xdc
 .debug_str     0x00000000       0x2a startUp.o
 .debug_str     0x0000002a       0x8f app.o
                                 0xa0 (size before relaxing)
 .debug_str     0x000000b9       0x23 Uart.o
                                 0xac (size before relaxing)

.debug_frame    0x00000000       0x5c
 .debug_frame   0x00000000       0x2c app.o
 .debug_frame   0x0000002c       0x30 Uart.o
