
Memory Configuration

Name             Origin             Length             Attributes
flash            0x08000000         0x00020000         xr
sram             0x20000000         0x00005000         xrw
*default*        0x00000000         0xffffffff

Linker script and memory map


.text           0x08000000       0xd4
 *(.vectors*)
 .vectors       0x08000000       0x50 startUp.o
 *(.text*)
 .text          0x08000050        0x8 startUp.o
 .text          0x08000058       0x7c main.o
                0x08000058                main
 *(.rodata)

.glue_7         0x080000d4        0x0
 .glue_7        0x080000d4        0x0 linker stubs

.glue_7t        0x080000d4        0x0
 .glue_7t       0x080000d4        0x0 linker stubs

.vfp11_veneer   0x080000d4        0x0
 .vfp11_veneer  0x080000d4        0x0 linker stubs

.v4_bx          0x080000d4        0x0
 .v4_bx         0x080000d4        0x0 linker stubs

.iplt           0x080000d4        0x0
 .iplt          0x080000d4        0x0 startUp.o

.rel.dyn        0x080000d4        0x0
 .rel.iplt      0x080000d4        0x0 startUp.o

.data           0x080000d4        0x4
 *(.data)
 .data          0x080000d4        0x0 startUp.o
 .data          0x080000d4        0x4 main.o
                0x080000d4                ptr

.igot.plt       0x080000d8        0x0
 .igot.plt      0x080000d8        0x0 startUp.o

.bss            0x20000000        0x0
 *(.bss*)
 .bss           0x20000000        0x0 startUp.o
 .bss           0x20000000        0x0 main.o
LOAD startUp.o
LOAD main.o
OUTPUT(toggle_LED_cortexM3.elf elf32-littlearm)

.ARM.attributes
                0x00000000       0x2f
 .ARM.attributes
                0x00000000       0x21 startUp.o
 .ARM.attributes
                0x00000021       0x33 main.o

.comment        0x00000000       0x7e
 .comment       0x00000000       0x7e main.o
                                 0x7f (size before relaxing)

.debug_line     0x00000000       0x91
 .debug_line    0x00000000       0x3b startUp.o
 .debug_line    0x0000003b       0x56 main.o

.debug_info     0x00000000      0x12b
 .debug_info    0x00000000       0x26 startUp.o
 .debug_info    0x00000026      0x105 main.o

.debug_abbrev   0x00000000       0xe7
 .debug_abbrev  0x00000000       0x14 startUp.o
 .debug_abbrev  0x00000014       0xd3 main.o

.debug_aranges  0x00000000       0x40
 .debug_aranges
                0x00000000       0x20 startUp.o
 .debug_aranges
                0x00000020       0x20 main.o

.debug_str      0x00000000       0xca
 .debug_str     0x00000000       0x2a startUp.o
 .debug_str     0x0000002a       0xa0 main.o
                                 0xb1 (size before relaxing)

.debug_loc      0x00000000       0x38
 .debug_loc     0x00000000       0x38 main.o

.debug_frame    0x00000000       0x2c
 .debug_frame   0x00000000       0x2c main.o
